// Jest Snapshot v1, https://goo.gl/fbAQLP

exports[`Client Quiz Application shows a random question 1`] = `"<h2>Loading...</h2>"`;
